Microchip MPLAB XC8 Compiler V1.45 ()

Linker command line:

-W-3 --edf=C:\Program Files (x86)\Microchip\xc8\v1.45\dat\en_msgs.txt -cs \
  -h+dist/default/production\Hw2.X.production.sym \
  --cmf=dist/default/production\Hw2.X.production.cmf -z -Q18F4620 \
  -oC:\Users\rashi\AppData\Local\Temp\sq6o.2 \
  -Mdist/default/production/Hw2.X.production.map -E1 -ver=XC8 \
  -ASTACK=0E4h-0f7fh -pstack=STACK -ACODE=00h-0FFFFh -ACONST=00h-0FFFFh \
  -ASMALLCONST=01000h-010FFhx240 -AMEDIUMCONST=01000h-0FFFFh \
  -ACOMRAM=01h-07Fh -AABS1=00h-0F7Fh -ABIGRAM=01h-0F7Fh \
  -ARAM=080h-0FFh,0100h-01FFhx14,0F00h-0F7Fh -ABANK0=080h-0FFh \
  -ABANK1=0100h-01FFh -ABANK2=0200h-02FFh -ABANK3=0300h-03FFh \
  -ABANK4=0400h-04FFh -ABANK5=0500h-05FFh -ABANK6=0600h-06FFh \
  -ABANK7=0700h-07FFh -ABANK8=0800h-08FFh -ABANK9=0900h-09FFh \
  -ABANK10=0A00h-0AFFh -ABANK11=0B00h-0BFFh -ABANK12=0C00h-0CFFh \
  -ABANK13=0D00h-0DFFh -ABANK14=0E00h-0EFFh -ABANK15=0F00h-0F7Fh \
  -ASFR=0F80h-0FFFh -preset_vec=00h,intcode=08h,intcodelo,powerup,init \
  -pramtop=01000h -psmallconst=SMALLCONST -pmediumconst=MEDIUMCONST \
  -pconst=CONST -AFARRAM=00h-00h -ACONFIG=0300000h-030000Dh -pconfig=CONFIG \
  -AIDLOC=0200000h-0200007h -pidloc=IDLOC -AEEDATA=0F00000h-0F003FFh \
  -peeprom_data=EEDATA \
  -prdata=COMRAM,nvrram=COMRAM,nvbit=COMRAM,rbss=COMRAM,rbit=COMRAM \
  -pfarbss=FARRAM,fardata=FARRAM,nvFARRAM=FARRAM \
  -pintsave_regs=BIGRAM,bigbss=BIGRAM,bigdata=BIGRAM -pbss=RAM \
  -pidata=CODE,irdata=CODE,ibigdata=CODE,ifardata=CODE -prparam=COMRAM \
  C:\Users\rashi\AppData\Local\Temp\sq6o.obj \
  dist/default/production\Hw2.X.production.obj 

Object code version is 3.11

Machine type is 18F4620

Call graph: (short form)




                Name                               Link     Load   Length Selector   Space Scale
C:\Users\rashi\AppData\Local\Temp\sq6o.obj
                init                                  E        E        4        4       0
                reset_vec                             0        0        4        0       0
                idloc                            200000   200000        8   200000       0
                config                           300000   300000        E   300000       0
dist/default/production\Hw2.X.production.obj
                intcode                               8        8        6        4       0
                temp                                 6B       6B        1        1       1
                smallconst                         1000     1000       E8      800       0
                intcode_body                       2CA6     2CA6       CC      874       0
                text42                             363C     363C       10      874       0
                text41                             3498     3498       2E      874       0
                text40                             3512     3512       26      874       0
                text39                             3404     3404       38      874       0
                text38                             2E36     2E36       AE      874       0
                text37                             2480     2480      1AC      874       0
                text36                             2EE4     2EE4       90      874       0
                text35                             3580     3580       24      874       0
                text34                             355C     355C       24      874       0
                text33                             2D72     2D72       C4      874       0
                text32                             3626     3626       16      874       0
                text31                             2BC0     2BC0       E6      874       0
                text30                             3538     3538       24      874       0
                text29                             346A     346A       2E      874       0
                text28                             364C     364C        C      874       0
                text27                             34EC     34EC       26      874       0
                text26                             343C     343C       2E      874       0
                text25                             35C6     35C6       22      874       0
                text24                             32BA     32BA       48      874       0
                text23                             3150     3150       62      874       0
                text22                             3348     3348       42      874       0
                text21                             3264     3264       56      874       0
                text20                             320E     320E       56      874       0
                text19                             338A     338A       40      874       0
                text18                             2ACC     2ACC       F4      874       0
                text17                             2FF8     2FF8       82      874       0
                text16                             30EA     30EA       66      874       0
                text15                             31B2     31B2       5C      874       0
                text14                             28B0     28B0      128      874       0
                text13                             277E     277E      132      874       0
                text12                             2F74     2F74       84      874       0
                text11                             307A     307A       70      874       0
                text10                             29D8     29D8       F4      874       0
                text9                              34C6     34C6       26      874       0
                text8                              222E     222E      252      874       0
                text7                              3608     3608       1E      874       0
                text6                              1B5A     1B5A      408      874       0
                text5                              10E8     10E8      A72      874       0
                text4                              262C     262C      152      874       0
                text3                              33CA     33CA       3A      874       0
                text2                              35E8     35E8       20      874       0
                text1                              35A4     35A4       22      874       0
                text0                              1F62     1F62      2CC      874       0
                cstackCOMRAM                          1        1       57        1       1
                cstackBANK0                          80       80       34       80       1
                dataBANK0                            E0       E0        4       80       1
                bssBANK0                             B4       B4       2C       80       1
                bssCOMRAM                            58       58       13        1       1
                cinit                              3302     3302       46      874       0
                idataBANK0                         3658     3658        4      874       0

TOTAL           Name                               Link     Load   Length     Space
        CLASS   STACK          

        CLASS   CODE           
                intcode                               8        8        6         0
                init                                  E        E        4         0
                reset_vec                             0        0        4         0
                intcode_body                       2CA6     2CA6       CC         0
                text42                             363C     363C       10         0
                text41                             3498     3498       2E         0
                text40                             3512     3512       26         0
                text39                             3404     3404       38         0
                text38                             2E36     2E36       AE         0
                text37                             2480     2480      1AC         0
                text36                             2EE4     2EE4       90         0
                text35                             3580     3580       24         0
                text34                             355C     355C       24         0
                text33                             2D72     2D72       C4         0
                text32                             3626     3626       16         0
                text31                             2BC0     2BC0       E6         0
                text30                             3538     3538       24         0
                text29                             346A     346A       2E         0
                text28                             364C     364C        C         0
                text27                             34EC     34EC       26         0
                text26                             343C     343C       2E         0
                text25                             35C6     35C6       22         0
                text24                             32BA     32BA       48         0
                text23                             3150     3150       62         0
                text22                             3348     3348       42         0
                text21                             3264     3264       56         0
                text20                             320E     320E       56         0
                text19                             338A     338A       40         0
                text18                             2ACC     2ACC       F4         0
                text17                             2FF8     2FF8       82         0
                text16                             30EA     30EA       66         0
                text15                             31B2     31B2       5C         0
                text14                             28B0     28B0      128         0
                text13                             277E     277E      132         0
                text12                             2F74     2F74       84         0
                text11                             307A     307A       70         0
                text10                             29D8     29D8       F4         0
                text9                              34C6     34C6       26         0
                text8                              222E     222E      252         0
                text7                              3608     3608       1E         0
                text6                              1B5A     1B5A      408         0
                text5                              10E8     10E8      A72         0
                text4                              262C     262C      152         0
                text3                              33CA     33CA       3A         0
                text2                              35E8     35E8       20         0
                text1                              35A4     35A4       22         0
                text0                              1F62     1F62      2CC         0
                cinit                              3302     3302       46         0
                idataBANK0                         3658     3658        4         0

        CLASS   CONST          

        CLASS   SMALLCONST     
                smallconst                         1000     1000       E8         0

        CLASS   MEDIUMCONST    

        CLASS   COMRAM         
                temp                                 6B       6B        1         1
                cstackCOMRAM                          1        1       57         1
                bssCOMRAM                            58       58       13         1

        CLASS   ABS1           

        CLASS   BIGRAM         

        CLASS   RAM            

        CLASS   BANK0          
                cstackBANK0                          80       80       34         1
                dataBANK0                            E0       E0        4         1
                bssBANK0                             B4       B4       2C         1

        CLASS   BANK1          

        CLASS   BANK2          

        CLASS   BANK3          

        CLASS   BANK4          

        CLASS   BANK5          

        CLASS   BANK6          

        CLASS   BANK7          

        CLASS   BANK8          

        CLASS   BANK9          

        CLASS   BANK10         

        CLASS   BANK11         

        CLASS   BANK12         

        CLASS   BANK13         

        CLASS   BANK14         

        CLASS   BANK15         

        CLASS   SFR            

        CLASS   FARRAM         

        CLASS   CONFIG         
                config                           300000   300000        E         0

        CLASS   IDLOC          
                idloc                            200000   200000        8         0

        CLASS   EEDATA         



SEGMENTS        Name                           Load    Length   Top    Selector   Space  Class

                reset_vec                      000000  000004  000004         0       0  CODE    
                cstackCOMRAM                   000001  00006B  00006C         1       1  COMRAM  
                intcode                        000008  00000A  000012         4       0  CODE    
                cstackBANK0                    000080  000064  0000E4        80       1  BANK0   
                smallconst                     001000  0000E8  0010E8       800       0  SMALLCON
                text5                          0010E8  002574  00365C       874       0  CODE    
                idloc                          200000  000008  200008    200000       0  IDLOC   
                config                         300000  00000E  30000E    300000       0  CONFIG  


UNUSED ADDRESS RANGES

        Name                Unused          Largest block    Delta
        BANK0            0000E4-0000FF               1C
        BANK1            000100-0001FF              100
        BANK10           000A00-000AFF              100
        BANK11           000B00-000BFF              100
        BANK12           000C00-000CFF              100
        BANK13           000D00-000DFF              100
        BANK14           000E00-000EFF              100
        BANK15           000F00-000F7F               80
        BANK2            000200-0002FF              100
        BANK3            000300-0003FF              100
        BANK4            000400-0004FF              100
        BANK5            000500-0005FF              100
        BANK6            000600-0006FF              100
        BANK7            000700-0007FF              100
        BANK8            000800-0008FF              100
        BANK9            000900-0009FF              100
        BIGRAM           00006C-00007F               14
                         0000E4-000F7F              E9C
        CODE             000004-000007                4
                         000012-000FFF              FEE
                         00365C-00FFFF             C9A4
        COMRAM           00006C-00007F               14
        CONST            000004-000007                4
                         000012-000FFF              FEE
                         00365C-00FFFF             C9A4
        EEDATA           F00000-F003FF              400
        MEDIUMCONST      00365C-00FFFF             C9A4
        RAM              0000E4-000F7F              100
        SFR              000F80-000FFF               80
        SMALLCONST       00365C-00FFFF              100
        STACK            0000E4-000F7F              E9C

                                  Symbol Table

?___awdiv                     cstackCOMRAM 000019
?___awmod                     cstackCOMRAM 000013
?___ftadd                     cstackCOMRAM 000040
?___ftdiv                     cstackCOMRAM 000036
?___ftmul                     cstackCOMRAM 000027
?___ftneg                     cstackCOMRAM 00001F
?___ftpack                    cstackCOMRAM 000013
?___ftsub                     cstackCOMRAM 00004C
?___fttol                     cstackCOMRAM 00003D
?___lbtoft                    cstackCOMRAM 00001B
?___lldiv                     cstackCOMRAM 000013
?___llmod                     cstackCOMRAM 000020
?___lltoft                    cstackCOMRAM 00001B
?___lwtoft                    cstackCOMRAM 00001B
?___wmul                      cstackCOMRAM 000021
?__div_to_l_                  cstackCOMRAM 000013
?__tdiv_to_l_                 cstackCOMRAM 000013
?_fround                      cstackCOMRAM 000036
?_read_adc_raw_no_lib         cstackCOMRAM 000013
?_scale                       cstackCOMRAM 000036
?_sprintf                     cstackBANK0  000080
AutoCoolMode@coolError        cstackCOMRAM 000055
HeatMode@compare_value        cstackCOMRAM 000015
_ADCON0                       (abs)        000FC2
_ADCON0bits                   (abs)        000FC2
_ADCON1                       (abs)        000FC1
_ADCON2                       (abs)        000FC0
_ADRESH                       (abs)        000FC4
_ADRESL                       (abs)        000FC3
_AI0_voltage                  bssBANK0     0000BA
_AI1_voltage                  bssBANK0     0000B7
_AI2_voltage                  bssBANK0     0000B4
_AutoCoolMode                 text33       002D72
_Buffer                       bssBANK0     0000C0
_CCP1CON                      (abs)        000FBD
_CCP1CONbits                  (abs)        000FBD
_CCP2CON                      (abs)        000FBA
_CCPR1L                       (abs)        000FBE
_CCPR2H                       (abs)        000FBC
_CCPR2L                       (abs)        000FBB
_CoolMode                     text40       003512
_HC                           bssBANK0     0000BD
_HeatMode                     text39       003404
_Hs                           bssCOMRAM    000069
_INTCON2bits                  (abs)        000FF1
_INTCON3bits                  (abs)        000FF0
_INTCONbits                   (abs)        000FF2
_LATA                         (abs)        000F89
_LATB                         (abs)        000F8A
_LATC                         (abs)        000F8B
_LATD                         (abs)        000F8C
_LATE                         (abs)        000F8D
_LCD_INIT_STRING              dataBANK0    0000E0
_OffMode                      text32       003626
_PIE1bits                     (abs)        000F9D
_PIE2bits                     (abs)        000FA0
_PIR1bits                     (abs)        000F9E
_PIR2bits                     (abs)        000FA1
_PORTBbits                    (abs)        000F81
_PORTCbits                    (abs)        000F82
_PORTEbits                    (abs)        000F84
_PR2                          (abs)        000FCB
_RCONbits                     (abs)        000FD0
_SP                           bssCOMRAM    00005B
_T                            bssCOMRAM    000058
_T1CON                        (abs)        000FCD
_T1CONbits                    (abs)        000FCD
_T2CON                        (abs)        000FCA
_T2CONbits                    (abs)        000FCA
_TMR1                         (abs)        000FCE
_TRISA                        (abs)        000F92
_TRISB                        (abs)        000F93
_TRISC                        (abs)        000F94
_TRISCbits                    (abs)        000F94
_TRISD                        (abs)        000F95
_TRISE                        (abs)        000F96
__HRAM                        (abs)        000000
__Habs1                       abs1         000000
__Hbank0                      bank0        000000
__Hbank1                      bank1        000000
__Hbank10                     bank10       000000
__Hbank11                     bank11       000000
__Hbank12                     bank12       000000
__Hbank13                     bank13       000000
__Hbank14                     bank14       000000
__Hbank15                     bank15       000000
__Hbank2                      bank2        000000
__Hbank3                      bank3        000000
__Hbank4                      bank4        000000
__Hbank5                      bank5        000000
__Hbank6                      bank6        000000
__Hbank7                      bank7        000000
__Hbank8                      bank8        000000
__Hbank9                      bank9        000000
__Hbigbss                     bigbss       000000
__Hbigdata                    bigdata      000000
__Hbigram                     bigram       000000
__Hbss                        bss          000000
__HbssBANK0                   bssBANK0     000000
__HbssCOMRAM                  bssCOMRAM    000000
__Hcinit                      cinit        000000
__Hclrtext                    clrtext      000000
__Hcomram                     comram       000000
__Hconfig                     config       30000E
__Hconst                      const        000000
__HcstackBANK0                cstackBANK0  000000
__HcstackCOMRAM               cstackCOMRAM 000000
__Hdata                       data         000000
__HdataBANK0                  dataBANK0    000000
__Heeprom_data                eeprom_data  000000
__Hfarbss                     farbss       000000
__Hfardata                    fardata      000000
__Hibigdata                   ibigdata     000000
__Hidata                      idata        000000
__HidataBANK0                 idataBANK0   000000
__Hidloc                      idloc        200008
__Hifardata                   ifardata     000000
__Hinit                       init         000012
__Hintcode                    intcode      00000E
__Hintcode_body               intcode_body 000000
__Hintcodelo                  intcodelo    00000E
__Hintentry                   intentry     000000
__Hintret                     intret       000000
__Hintsave_regs               intsave_regs 000000
__Hirdata                     irdata       000000
__Hmediumconst                mediumconst  000000
__HnvFARRAM                   nvFARRAM     000000
__Hnvbit                      nvbit        000000
__Hnvrram                     nvrram       000000
__Hparam                      rparam       000000
__Hpowerup                    powerup      00000E
__Hram                        ram          000000
__Hramtop                     ramtop       001000
__Hrbit                       rbit         000000
__Hrbss                       rbss         000000
__Hrdata                      rdata        000000
__Hreset_vec                  reset_vec    000004
__Hrparam                     rparam       000000
__Hsfr                        sfr          000000
__Hsmallconst                 smallconst   0010E8
__Hspace_0                    (abs)        30000E
__Hspace_1                    (abs)        0000E4
__Hspace_2                    (abs)        000000
__Hstack                      stack        000000
__Hstruct                     struct       000000
__Htemp                       temp         00006C
__Htext                       text         000000
__Htext0                      text0        000000
__Htext1                      text1        000000
__Htext10                     text10       000000
__Htext11                     text11       000000
__Htext12                     text12       000000
__Htext13                     text13       000000
__Htext14                     text14       000000
__Htext15                     text15       000000
__Htext16                     text16       000000
__Htext17                     text17       000000
__Htext18                     text18       000000
__Htext19                     text19       000000
__Htext2                      text2        000000
__Htext20                     text20       000000
__Htext21                     text21       000000
__Htext22                     text22       000000
__Htext23                     text23       000000
__Htext24                     text24       000000
__Htext25                     text25       000000
__Htext26                     text26       000000
__Htext27                     text27       000000
__Htext28                     text28       000000
__Htext29                     text29       000000
__Htext3                      text3        000000
__Htext30                     text30       000000
__Htext31                     text31       000000
__Htext32                     text32       000000
__Htext33                     text33       000000
__Htext34                     text34       000000
__Htext35                     text35       000000
__Htext36                     text36       000000
__Htext37                     text37       000000
__Htext38                     text38       000000
__Htext39                     text39       000000
__Htext4                      text4        000000
__Htext40                     text40       000000
__Htext41                     text41       000000
__Htext42                     text42       000000
__Htext5                      text5        000000
__Htext6                      text6        000000
__Htext7                      text7        000000
__Htext8                      text8        000000
__Htext9                      text9        000000
__LRAM                        (abs)        000001
__Labs1                       abs1         000000
__Lbank0                      bank0        000000
__Lbank1                      bank1        000000
__Lbank10                     bank10       000000
__Lbank11                     bank11       000000
__Lbank12                     bank12       000000
__Lbank13                     bank13       000000
__Lbank14                     bank14       000000
__Lbank15                     bank15       000000
__Lbank2                      bank2        000000
__Lbank3                      bank3        000000
__Lbank4                      bank4        000000
__Lbank5                      bank5        000000
__Lbank6                      bank6        000000
__Lbank7                      bank7        000000
__Lbank8                      bank8        000000
__Lbank9                      bank9        000000
__Lbigbss                     bigbss       000000
__Lbigdata                    bigdata      000000
__Lbigram                     bigram       000000
__Lbss                        bss          000000
__LbssBANK0                   bssBANK0     000000
__LbssCOMRAM                  bssCOMRAM    000000
__Lcinit                      cinit        000000
__Lclrtext                    clrtext      000000
__Lcomram                     comram       000000
__Lconfig                     config       300000
__Lconst                      const        000000
__LcstackBANK0                cstackBANK0  000000
__LcstackCOMRAM               cstackCOMRAM 000000
__Ldata                       data         000000
__LdataBANK0                  dataBANK0    000000
__Leeprom_data                eeprom_data  000000
__Lfarbss                     farbss       000000
__Lfardata                    fardata      000000
__Libigdata                   ibigdata     000000
__Lidata                      idata        000000
__LidataBANK0                 idataBANK0   000000
__Lidloc                      idloc        200000
__Lifardata                   ifardata     000000
__Linit                       init         00000E
__Lintcode                    intcode      000008
__Lintcode_body               intcode_body 000000
__Lintcodelo                  intcodelo    00000E
__Lintentry                   intentry     000000
__Lintret                     intret       000000
__Lintsave_regs               intsave_regs 000000
__Lirdata                     irdata       000000
__Lmediumconst                mediumconst  000000
__LnvFARRAM                   nvFARRAM     000000
__Lnvbit                      nvbit        000000
__Lnvrram                     nvrram       000000
__Lparam                      rparam       000000
__Lpowerup                    powerup      00000E
__Lram                        ram          000000
__Lramtop                     ramtop       001000
__Lrbit                       rbit         000000
__Lrbss                       rbss         000000
__Lrdata                      rdata        000000
__Lreset_vec                  reset_vec    000000
__Lrparam                     rparam       000000
__Lsfr                        sfr          000000
__Lsmallconst                 smallconst   001000
__Lspace_0                    (abs)        000000
__Lspace_1                    (abs)        000000
__Lspace_2                    (abs)        000000
__Lstack                      stack        000000
__Lstruct                     struct       000000
__Ltemp                       temp         00006B
__Ltext                       text         000000
__Ltext0                      text0        000000
__Ltext1                      text1        000000
__Ltext10                     text10       000000
__Ltext11                     text11       000000
__Ltext12                     text12       000000
__Ltext13                     text13       000000
__Ltext14                     text14       000000
__Ltext15                     text15       000000
__Ltext16                     text16       000000
__Ltext17                     text17       000000
__Ltext18                     text18       000000
__Ltext19                     text19       000000
__Ltext2                      text2        000000
__Ltext20                     text20       000000
__Ltext21                     text21       000000
__Ltext22                     text22       000000
__Ltext23                     text23       000000
__Ltext24                     text24       000000
__Ltext25                     text25       000000
__Ltext26                     text26       000000
__Ltext27                     text27       000000
__Ltext28                     text28       000000
__Ltext29                     text29       000000
__Ltext3                      text3        000000
__Ltext30                     text30       000000
__Ltext31                     text31       000000
__Ltext32                     text32       000000
__Ltext33                     text33       000000
__Ltext34                     text34       000000
__Ltext35                     text35       000000
__Ltext36                     text36       000000
__Ltext37                     text37       000000
__Ltext38                     text38       000000
__Ltext39                     text39       000000
__Ltext4                      text4        000000
__Ltext40                     text40       000000
__Ltext41                     text41       000000
__Ltext42                     text42       000000
__Ltext5                      text5        000000
__Ltext6                      text6        000000
__Ltext7                      text7        000000
__Ltext8                      text8        000000
__Ltext9                      text9        000000
__S0                          (abs)        30000E
__S1                          (abs)        0000E4
__S2                          (abs)        000000
___awdiv                      text12       002F74
___awdiv@counter              cstackCOMRAM 00001D
___awdiv@dividend             cstackCOMRAM 000019
___awdiv@divisor              cstackCOMRAM 00001B
___awdiv@quotient             cstackCOMRAM 00001F
___awdiv@sign                 cstackCOMRAM 00001E
___awmod                      text11       00307A
___awmod@counter              cstackCOMRAM 000017
___awmod@dividend             cstackCOMRAM 000013
___awmod@divisor              cstackCOMRAM 000015
___awmod@sign                 cstackCOMRAM 000018
___ftadd                      text37       002480
___ftadd@exp1                 cstackCOMRAM 00004B
___ftadd@exp2                 cstackCOMRAM 00004A
___ftadd@f1                   cstackCOMRAM 000040
___ftadd@f2                   cstackCOMRAM 000043
___ftadd@sign                 cstackCOMRAM 000049
___ftdiv                      text31       002BC0
___ftdiv@cntr                 cstackCOMRAM 00003F
___ftdiv@exp                  cstackCOMRAM 000043
___ftdiv@f1                   cstackCOMRAM 000036
___ftdiv@f2                   cstackCOMRAM 000039
___ftdiv@f3                   cstackCOMRAM 000040
___ftdiv@sign                 cstackCOMRAM 000044
___ftge                       text36       002EE4
___ftge@ff1                   cstackCOMRAM 00004C
___ftge@ff2                   cstackCOMRAM 00004F
___ftmul                      text10       0029D8
___ftmul@cntr                 cstackCOMRAM 000034
___ftmul@exp                  cstackCOMRAM 000030
___ftmul@f1                   cstackCOMRAM 000027
___ftmul@f2                   cstackCOMRAM 00002A
___ftmul@f3_as_product        cstackCOMRAM 000031
___ftmul@sign                 cstackCOMRAM 000035
___ftneg                      text35       003580
___ftneg@f1                   cstackCOMRAM 00001F
___ftpack                     text38       002E36
___ftpack@arg                 cstackCOMRAM 000013
___ftpack@exp                 cstackCOMRAM 000016
___ftpack@sign                cstackCOMRAM 000017
___ftsub                      text19       00338A
___ftsub@f1                   cstackCOMRAM 00004C
___ftsub@f2                   cstackCOMRAM 00004F
___fttol                      text18       002ACC
___fttol@exp1                 cstackCOMRAM 00004B
___fttol@f1                   cstackCOMRAM 00003D
___fttol@lval                 cstackCOMRAM 000047
___fttol@sign1                cstackCOMRAM 000046
___inthi_sp                   stack        000000
___intlo_sp                   stack        000000
___lbtoft                     text34       00355C
___lbtoft@c                   cstackCOMRAM 00001E
___lldiv                      text17       002FF8
___lldiv@counter              cstackCOMRAM 00001F
___lldiv@dividend             cstackCOMRAM 000013
___lldiv@divisor              cstackCOMRAM 000017
___lldiv@quotient             cstackCOMRAM 00001B
___llmod                      text16       0030EA
___llmod@counter              cstackCOMRAM 000028
___llmod@dividend             cstackCOMRAM 000020
___llmod@divisor              cstackCOMRAM 000024
___lltoft                     text15       0031B2
___lltoft@c                   cstackCOMRAM 00001B
___lltoft@exp                 cstackCOMRAM 000023
___lwtoft                     text30       003538
___lwtoft@c                   cstackCOMRAM 00001B
___param_bank                 (abs)        000000
___rparam_used                (abs)        000001
___sp                         stack        000000
___wmul                       text9        0034C6
___wmul@multiplicand          cstackCOMRAM 000023
___wmul@multiplier            cstackCOMRAM 000021
___wmul@product               cstackCOMRAM 000025
__accesstop                   (abs)        000080
__activetblptr                (abs)        000002
__div_to_l_                   text14       0028B0
__div_to_l_@cntr              cstackCOMRAM 00001D
__div_to_l_@exp1              cstackCOMRAM 00001E
__div_to_l_@f1                cstackCOMRAM 000013
__div_to_l_@f2                cstackCOMRAM 000016
__div_to_l_@quot              cstackCOMRAM 000019
__end_of_AutoCoolMode         text33       002E36
__end_of_CoolMode             text40       003538
__end_of_HeatMode             text39       00343C
__end_of_OffMode              text32       00363C
__end_of___awdiv              text12       002FF8
__end_of___awmod              text11       0030EA
__end_of___ftadd              text37       00262C
__end_of___ftdiv              text31       002CA6
__end_of___ftge               text36       002F74
__end_of___ftmul              text10       002ACC
__end_of___ftneg              text35       0035A4
__end_of___ftpack             text38       002EE4
__end_of___ftsub              text19       0033CA
__end_of___fttol              text18       002BC0
__end_of___lbtoft             text34       003580
__end_of___lldiv              text17       00307A
__end_of___llmod              text16       003150
__end_of___lltoft             text15       00320E
__end_of___lwtoft             text30       00355C
__end_of___wmul               text9        0034EC
__end_of__div_to_l_           text14       0029D8
__end_of__initialization      cinit        00333A
__end_of__npowers_            smallconst   001077
__end_of__powers_             smallconst   001050
__end_of__tdiv_to_l_          text13       0028B0
__end_of_delay_cycles         text26       00346A
__end_of_delay_ms             text27       003512
__end_of_dpowers              smallconst   001029
__end_of_fround               text8        002480
__end_of_highIsr              intcode_body 002D72
__end_of_initPorts            text29       003498
__end_of_init_adc_no_lib      text28       003658
__end_of_init_pwm1            text42       00364C
__end_of_isdigit              text7        003626
__end_of_lcd_gotoxy           text22       00338A
__end_of_lcd_init             text23       0031B2
__end_of_lcd_putc             text21       0032BA
__end_of_lcd_puts             text20       003264
__end_of_lcd_send_byte        text24       003302
__end_of_lcd_send_nibble      text25       0035E8
__end_of_main                 text0        00222E
__end_of_printingOnLCD        text4        00277E
__end_of_read_adc_raw_no_lib  text3        003404
__end_of_scale                text6        001F62
__end_of_set_pwm1_raw         text41       0034C6
__end_of_setupCompare         text2        003608
__end_of_setupInterrupts      text1        0035C6
__end_of_sprintf              text5        001B5A
__initialization              cinit        003302
__mediumconst                 mediumconst  000000
__npowers_                    smallconst   001050
__pbssBANK0                   bssBANK0     0000B4
__pbssCOMRAM                  bssCOMRAM    000058
__pcinit                      cinit        003302
__pcstackBANK0                cstackBANK0  000080
__pcstackCOMRAM               cstackCOMRAM 000001
__pdataBANK0                  dataBANK0    0000E0
__pidataBANK0                 idataBANK0   003658
__pintcode                    intcode      000008
__pintcode_body               intcode_body 002CA6
__powers_                     smallconst   001029
__psmallconst                 smallconst   001000
__ptext0                      text0        001F62
__ptext1                      text1        0035A4
__ptext10                     text10       0029D8
__ptext11                     text11       00307A
__ptext12                     text12       002F74
__ptext13                     text13       00277E
__ptext14                     text14       0028B0
__ptext15                     text15       0031B2
__ptext16                     text16       0030EA
__ptext17                     text17       002FF8
__ptext18                     text18       002ACC
__ptext19                     text19       00338A
__ptext2                      text2        0035E8
__ptext20                     text20       00320E
__ptext21                     text21       003264
__ptext22                     text22       003348
__ptext23                     text23       003150
__ptext24                     text24       0032BA
__ptext25                     text25       0035C6
__ptext26                     text26       00343C
__ptext27                     text27       0034EC
__ptext28                     text28       00364C
__ptext29                     text29       00346A
__ptext3                      text3        0033CA
__ptext30                     text30       003538
__ptext31                     text31       002BC0
__ptext32                     text32       003626
__ptext33                     text33       002D72
__ptext34                     text34       00355C
__ptext35                     text35       003580
__ptext36                     text36       002EE4
__ptext37                     text37       002480
__ptext38                     text38       002E36
__ptext39                     text39       003404
__ptext4                      text4        00262C
__ptext40                     text40       003512
__ptext41                     text41       003498
__ptext42                     text42       00363C
__ptext5                      text5        0010E8
__ptext6                      text6        001B5A
__ptext7                      text7        003608
__ptext8                      text8        00222E
__ptext9                      text9        0034C6
__ramtop                      ramtop       001000
__size_of_AutoCoolMode        (abs)        000000
__size_of_CoolMode            (abs)        000000
__size_of_HeatMode            (abs)        000000
__size_of_OffMode             (abs)        000000
__size_of___awdiv             (abs)        000000
__size_of___awmod             (abs)        000000
__size_of___ftadd             (abs)        000000
__size_of___ftdiv             (abs)        000000
__size_of___ftge              (abs)        000000
__size_of___ftmul             (abs)        000000
__size_of___ftneg             (abs)        000000
__size_of___ftpack            (abs)        000000
__size_of___ftsub             (abs)        000000
__size_of___fttol             (abs)        000000
__size_of___lbtoft            (abs)        000000
__size_of___lldiv             (abs)        000000
__size_of___llmod             (abs)        000000
__size_of___lltoft            (abs)        000000
__size_of___lwtoft            (abs)        000000
__size_of___wmul              (abs)        000000
__size_of__div_to_l_          (abs)        000000
__size_of__tdiv_to_l_         (abs)        000000
__size_of_delay_cycles        (abs)        000000
__size_of_delay_ms            (abs)        000000
__size_of_fround              (abs)        000000
__size_of_highIsr             (abs)        000000
__size_of_initPorts           (abs)        000000
__size_of_init_adc_no_lib     (abs)        000000
__size_of_init_pwm1           (abs)        000000
__size_of_isdigit             (abs)        000000
__size_of_lcd_gotoxy          (abs)        000000
__size_of_lcd_init            (abs)        000000
__size_of_lcd_putc            (abs)        000000
__size_of_lcd_puts            (abs)        000000
__size_of_lcd_send_byte       (abs)        000000
__size_of_lcd_send_nibble     (abs)        000000
__size_of_main                (abs)        000000
__size_of_printingOnLCD       (abs)        000000
__size_of_read_adc_raw_no_lib (abs)        000000
__size_of_scale               (abs)        000000
__size_of_set_pwm1_raw        (abs)        000000
__size_of_setupCompare        (abs)        000000
__size_of_setupInterrupts     (abs)        000000
__size_of_sprintf             (abs)        000000
__smallconst                  smallconst   001000
__tdiv_to_l_                  text13       00277E
__tdiv_to_l_@cntr             cstackCOMRAM 000020
__tdiv_to_l_@exp1             cstackCOMRAM 000021
__tdiv_to_l_@f1               cstackCOMRAM 000013
__tdiv_to_l_@f2               cstackCOMRAM 000016
__tdiv_to_l_@quot             cstackCOMRAM 00001C
_coolerOn                     bssCOMRAM    000064
_currentMode                  bssCOMRAM    00006A
_delay_cycles                 text26       00343C
_delay_ms                     text27       0034EC
_dpowers                      smallconst   001001
_fround                       text8        00222E
_fround$1797                  cstackCOMRAM 00003C
_fround$1798                  cstackCOMRAM 000039
_heaterOn                     bssCOMRAM    000065
_highIsr                      intcode      000008
_hs_change_flag               bssCOMRAM    000067
_initPorts                    text29       00346A
_init_adc_no_lib              text28       00364C
_init_pwm1                    text42       00363C
_isdigit                      text7        003608
_isdigit$1441                 cstackCOMRAM 000014
_lcd                          (abs)        000F83
_lcd_gotoxy                   text22       003348
_lcd_init                     text23       003150
_lcd_putc                     text21       003264
_lcd_puts                     text20       00320E
_lcd_send_byte                text24       0032BA
_lcd_send_nibble              text25       0035C6
_main                         text0        001F62
_mode_change_flag             bssCOMRAM    000068
_off_flag                     bssCOMRAM    000066
_printingOnLCD                text4        00262C
_printingOnLCD$796            cstackBANK0  0000B0
_printingOnLCD$798            cstackBANK0  0000B2
_raw_AI0                      bssCOMRAM    000062
_raw_AI1                      bssCOMRAM    000060
_raw_AI2                      bssCOMRAM    00005E
_read_adc_raw_no_lib          text3        0033CA
_scale                        text6        001B5A
_scale$1799                   cstackCOMRAM 000039
_set_pwm1_raw                 text41       003498
_setupCompare                 text2        0035E8
_setupInterrupts              text1        0035A4
_sprintf                      text5        0010E8
_sprintf$1800                 cstackBANK0  000091
btemp                         temp         00006B
delay_cycles@n                cstackCOMRAM 000016
delay_cycles@x                cstackCOMRAM 000017
delay_ms@n                    cstackCOMRAM 000013
delay_ms@x                    cstackCOMRAM 000015
end_of_initialization         cinit        00333A
fround@prec                   cstackCOMRAM 00003F
int$flags                     temp         00006B
int_func                      intcode_body 002CA6
intlevel0                     text         000000
intlevel1                     text         000000
intlevel2                     text         000000
intlevel3                     text         000000
isdigit@c                     cstackCOMRAM 000015
lcd_gotoxy@address            cstackCOMRAM 00001F
lcd_gotoxy@x                  cstackCOMRAM 00001E
lcd_gotoxy@y                  cstackCOMRAM 00001D
lcd_init@i                    cstackCOMRAM 00001D
lcd_putc@c                    cstackCOMRAM 000020
lcd_puts@s                    cstackCOMRAM 000021
lcd_send_byte@cm_data         cstackCOMRAM 00001C
lcd_send_byte@n               cstackCOMRAM 00001B
lcd_send_nibble@n             cstackCOMRAM 00001A
printingOnLCD@c               cstackBANK0  0000AF
printingOnLCD@h               cstackBANK0  0000AE
read_adc_raw_no_lib@channel   cstackCOMRAM 000019
read_adc_raw_no_lib@raw_value cstackCOMRAM 000017
scale@scl                     cstackCOMRAM 00003C
set_pwm1_raw@raw_value        cstackCOMRAM 000013
sprintf@ap                    cstackBANK0  000096
sprintf@c                     cstackBANK0  0000AD
sprintf@cp                    cstackBANK0  000094
sprintf@exp                   cstackBANK0  0000A4
sprintf@f                     cstackBANK0  000082
sprintf@flag                  cstackBANK0  00009A
sprintf@fval                  cstackBANK0  0000A8
sprintf@len                   cstackBANK0  000098
sprintf@prec                  cstackBANK0  0000AB
sprintf@sp                    cstackBANK0  000080
sprintf@tmpval                cstackBANK0  00009C
sprintf@val                   cstackBANK0  0000A0
sprintf@width                 cstackBANK0  0000A6
stackhi                       (abs)        000F7F
stacklo                       (abs)        0000E4
start                         init         00000E
start_initialization          cinit        003302
wtemp6                        temp         00006C


FUNCTION INFORMATION:

 *************** function _main *****************
 Defined at:
		line 72 in file "Hw2.c"
 Parameters:    Size  Location     Type
		None
 Auto vars:     Size  Location     Type
		None
 Return value:  Size  Location     Type
                  1    wreg      void 
 Registers used:
		wreg, fsr0l, fsr0h, fsr1l, fsr1h, fsr2l, fsr2h, status,2, status,0, tblptrl, tblptrh, tblptru, prodl, prodh, cstack
 Tracked objects:
		On entry : 
		On exit  : 
		Unchanged: 
 Data sizes:     COMRAM   BANK0   BANK1   BANK2   BANK3   BANK4   BANK5   BANK6   BANK7   BANK8   BANK9  BANK10  BANK11  BANK12  BANK13  BANK14  BANK15
      Params:         0       0       0       0       0       0       0       0       0       0       0       0       0       0       0       0       0
      Locals:         0       0       0       0       0       0       0       0       0       0       0       0       0       0       0       0       0
      Temps:          0       0       0       0       0       0       0       0       0       0       0       0       0       0       0       0       0
      Totals:         0       0       0       0       0       0       0       0       0       0       0       0       0       0       0       0       0
Total ram usage:        0 bytes
 Hardware stack levels required when called:    8
 This function calls:
		_AutoCoolMode
		_CoolMode
		_HeatMode
		_OffMode
		___ftdiv
		___ftmul
		___lwtoft
		_delay_ms
		_initPorts
		_init_adc_no_lib
		_init_pwm1
		_lcd_init
		_printingOnLCD
		_read_adc_raw_no_lib
		_setupCompare
		_setupInterrupts
 This function is called by:
		Startup code after reset
 This function uses a non-reentrant model


 *************** function _setupInterrupts *****************
 Defined at:
		line 190 in file "Hw2.c"
 Parameters:    Size  Location     Type
		None
 Auto vars:     Size  Location     Type
		None
 Return value:  Size  Location     Type
                  1    wreg      void 
 Registers used:
		None
 Tracked objects:
		On entry : 
		On exit  : 
		Unchanged: 
 Data sizes:     COMRAM   BANK0   BANK1   BANK2   BANK3   BANK4   BANK5   BANK6   BANK7   BANK8   BANK9  BANK10  BANK11  BANK12  BANK13  BANK14  BANK15
      Params:         0       0       0       0       0       0       0       0       0       0       0       0       0       0       0       0       0
      Locals:         0       0       0       0       0       0       0       0       0       0       0       0       0       0       0       0       0
      Temps:          0       0       0       0       0       0       0       0       0       0       0       0       0       0       0       0       0
      Totals:         0       0       0       0       0       0       0       0       0       0       0       0       0       0       0       0       0
Total ram usage:        0 bytes
 Hardware stack levels used:    1
 Hardware stack levels required when called:    1
 This function calls:
		Nothing
 This function is called by:
		_main
 This function uses a non-reentrant model


 *************** function _setupCompare *****************
 Defined at:
		line 224 in file "Hw2.c"
 Parameters:    Size  Location     Type
		None
 Auto vars:     Size  Location     Type
		None
 Return value:  Size  Location     Type
                  1    wreg      void 
 Registers used:
		wreg, status,2
 Tracked objects:
		On entry : 
		On exit  : 
		Unchanged: 
 Data sizes:     COMRAM   BANK0   BANK1   BANK2   BANK3   BANK4   BANK5   BANK6   BANK7   BANK8   BANK9  BANK10  BANK11  BANK12  BANK13  BANK14  BANK15
      Params:         0       0       0       0       0       0       0       0       0       0       0       0       0       0       0       0       0
      Locals:         0       0       0       0       0       0       0       0       0       0       0       0       0       0       0       0       0
      Temps:          0       0       0       0       0       0       0       0       0       0       0       0       0       0       0       0       0
      Totals:         0       0       0       0       0       0       0       0       0       0       0       0       0       0       0       0       0
Total ram usage:        0 bytes
 Hardware stack levels used:    1
 Hardware stack levels required when called:    1
 This function calls:
		Nothing
 This function is called by:
		_main
 This function uses a non-reentrant model


 *************** function _read_adc_raw_no_lib *****************
 Defined at:
		line 18 in file "my_adc.c"
 Parameters:    Size  Location     Type
  channel         1    wreg     unsigned char 
 Auto vars:     Size  Location     Type
  channel         1   24[COMRAM] unsigned char 
  raw_value       2   22[COMRAM] int 
 Return value:  Size  Location     Type
                  2   18[COMRAM] int 
 Registers used:
		wreg, status,2, status,0
 Tracked objects:
		On entry : 
		On exit  : 
		Unchanged: 
 Data sizes:     COMRAM   BANK0   BANK1   BANK2   BANK3   BANK4   BANK5   BANK6   BANK7   BANK8   BANK9  BANK10  BANK11  BANK12  BANK13  BANK14  BANK15
      Params:         2       0       0       0       0       0       0       0       0       0       0       0       0       0       0       0       0
      Locals:         3       0       0       0       0       0       0       0       0       0       0       0       0       0       0       0       0
      Temps:          2       0       0       0       0       0       0       0       0       0       0       0       0       0       0       0       0
      Totals:         7       0       0       0       0       0       0       0       0       0       0       0       0       0       0       0       0
Total ram usage:        7 bytes
 Hardware stack levels used:    1
 Hardware stack levels required when called:    1
 This function calls:
		Nothing
 This function is called by:
		_main
		_read_adc_voltage
 This function uses a non-reentrant model


 *************** function _printingOnLCD *****************
 Defined at:
		line 354 in file "Hw2.c"
 Parameters:    Size  Location     Type
		None
 Auto vars:     Size  Location     Type
  c               1   47[BANK0 ] unsigned char 
  h               1   46[BANK0 ] unsigned char 
 Return value:  Size  Location     Type
                  1    wreg      void 
 Registers used:
		wreg, fsr0l, fsr0h, fsr1l, fsr1h, fsr2l, fsr2h, status,2, status,0, tblptrl, tblptrh, tblptru, prodl, prodh, cstack
 Tracked objects:
		On entry : 
		On exit  : 
		Unchanged: 
 Data sizes:     COMRAM   BANK0   BANK1   BANK2   BANK3   BANK4   BANK5   BANK6   BANK7   BANK8   BANK9  BANK10  BANK11  BANK12  BANK13  BANK14  BANK15
      Params:         0       0       0       0       0       0       0       0       0       0       0       0       0       0       0       0       0
      Locals:         0       6       0       0       0       0       0       0       0       0       0       0       0       0       0       0       0
      Temps:          0       0       0       0       0       0       0       0       0       0       0       0       0       0       0       0       0
      Totals:         0       6       0       0       0       0       0       0       0       0       0       0       0       0       0       0       0
Total ram usage:        6 bytes
 Hardware stack levels used:    1
 Hardware stack levels required when called:    7
 This function calls:
		_lcd_gotoxy
		_lcd_puts
		_sprintf
 This function is called by:
		_main
 This function uses a non-reentrant model


 *************** function _sprintf *****************
 Defined at:
		line 492 in file "C:\Program Files (x86)\Microchip\xc8\v1.45\sources\common\doprnt.c"
 Parameters:    Size  Location     Type
  sp              2    0[BANK0 ] PTR unsigned char 
		 -> Buffer(32), 
  f               2    2[BANK0 ] PTR const unsigned char 
		 -> STR_3(18), STR_2(18), STR_1(16), 
 Auto vars:     Size  Location     Type
  val             4   32[BANK0 ] unsigned long 
  tmpval          4   28[BANK0 ] struct .
  fval            3   40[BANK0 ] struct .
  prec            2   43[BANK0 ] int 
  width           2   38[BANK0 ] int 
  exp             2   36[BANK0 ] int 
  flag            2   26[BANK0 ] unsigned short 
  len             2   24[BANK0 ] unsigned int 
  ap              2   22[BANK0 ] PTR void [1]
		 -> ?_sprintf(2), 
  cp              2   20[BANK0 ] PTR const unsigned char 
		 -> sprintf@c(1), 
  c               1   45[BANK0 ] char 
  d               1    0        unsigned char 
 Return value:  Size  Location     Type
                  2    0[BANK0 ] int 
 Registers used:
		wreg, fsr1l, fsr1h, fsr2l, fsr2h, status,2, status,0, tblptrl, tblptrh, tblptru, prodl, prodh, cstack
 Tracked objects:
		On entry : 
		On exit  : 
		Unchanged: 
 Data sizes:     COMRAM   BANK0   BANK1   BANK2   BANK3   BANK4   BANK5   BANK6   BANK7   BANK8   BANK9  BANK10  BANK11  BANK12  BANK13  BANK14  BANK15
      Params:         0      11       0       0       0       0       0       0       0       0       0       0       0       0       0       0       0
      Locals:         0      29       0       0       0       0       0       0       0       0       0       0       0       0       0       0       0
      Temps:          0       6       0       0       0       0       0       0       0       0       0       0       0       0       0       0       0
      Totals:         0      46       0       0       0       0       0       0       0       0       0       0       0       0       0       0       0
Total ram usage:       46 bytes
 Hardware stack levels used:    1
 Hardware stack levels required when called:    4
 This function calls:
		___awdiv
		___ftadd
		___ftge
		___ftmul
		___ftneg
		___ftsub
		___fttol
		___lldiv
		___llmod
		___lltoft
		___wmul
		__div_to_l_
		__tdiv_to_l_
		_fround
		_isdigit
		_scale
 This function is called by:
		_printingOnLCD
 This function uses a non-reentrant model


 *************** function _scale *****************
 Defined at:
		line 425 in file "C:\Program Files (x86)\Microchip\xc8\v1.45\sources\common\doprnt.c"
 Parameters:    Size  Location     Type
  scl             1    wreg     char 
 Auto vars:     Size  Location     Type
  scl             1   59[COMRAM] char 
 Return value:  Size  Location     Type
                  3   53[COMRAM] char 
 Registers used:
		wreg, status,2, status,0, tblptrl, tblptrh, tblptru, prodl, prodh, cstack
 Tracked objects:
		On entry : 
		On exit  : 
		Unchanged: 
 Data sizes:     COMRAM   BANK0   BANK1   BANK2   BANK3   BANK4   BANK5   BANK6   BANK7   BANK8   BANK9  BANK10  BANK11  BANK12  BANK13  BANK14  BANK15
      Params:         3       0       0       0       0       0       0       0       0       0       0       0       0       0       0       0       0
      Locals:         4       0       0       0       0       0       0       0       0       0       0       0       0       0       0       0       0
      Temps:          0       0       0       0       0       0       0       0       0       0       0       0       0       0       0       0       0
      Totals:         7       0       0       0       0       0       0       0       0       0       0       0       0       0       0       0       0
Total ram usage:        7 bytes
 Hardware stack levels used:    1
 Hardware stack levels required when called:    3
 This function calls:
		___awdiv
		___awmod
		___ftmul
		___wmul
 This function is called by:
		_sprintf
 This function uses a non-reentrant model


 *************** function _isdigit *****************
 Defined at:
		line 8 in file "C:\Program Files (x86)\Microchip\xc8\v1.45\sources\common\isdigit.c"
 Parameters:    Size  Location     Type
  c               1    wreg     unsigned char 
 Auto vars:     Size  Location     Type
  c               1   20[COMRAM] unsigned char 
 Return value:  Size  Location     Type
		None               void
 Registers used:
		wreg, status,2, status,0
 Tracked objects:
		On entry : 
		On exit  : 
		Unchanged: 
 Data sizes:     COMRAM   BANK0   BANK1   BANK2   BANK3   BANK4   BANK5   BANK6   BANK7   BANK8   BANK9  BANK10  BANK11  BANK12  BANK13  BANK14  BANK15
      Params:         0       0       0       0       0       0       0       0       0       0       0       0       0       0       0       0       0
      Locals:         2       0       0       0       0       0       0       0       0       0       0       0       0       0       0       0       0
      Temps:          1       0       0       0       0       0       0       0       0       0       0       0       0       0       0       0       0
      Totals:         3       0       0       0       0       0       0       0       0       0       0       0       0       0       0       0       0
Total ram usage:        3 bytes
 Hardware stack levels used:    1
 Hardware stack levels required when called:    1
 This function calls:
		Nothing
 This function is called by:
		_sprintf
 This function uses a non-reentrant model


 *************** function _fround *****************
 Defined at:
		line 409 in file "C:\Program Files (x86)\Microchip\xc8\v1.45\sources\common\doprnt.c"
 Parameters:    Size  Location     Type
  prec            1    wreg     unsigned char 
 Auto vars:     Size  Location     Type
  prec            1   62[COMRAM] unsigned char 
 Return value:  Size  Location     Type
                  3   53[COMRAM] unsigned char 
 Registers used:
		wreg, status,2, status,0, tblptrl, tblptrh, tblptru, prodl, prodh, cstack
 Tracked objects:
		On entry : 
		On exit  : 
		Unchanged: 
 Data sizes:     COMRAM   BANK0   BANK1   BANK2   BANK3   BANK4   BANK5   BANK6   BANK7   BANK8   BANK9  BANK10  BANK11  BANK12  BANK13  BANK14  BANK15
      Params:         3       0       0       0       0       0       0       0       0       0       0       0       0       0       0       0       0
      Locals:         7       0       0       0       0       0       0       0       0       0       0       0       0       0       0       0       0
      Temps:          0       0       0       0       0       0       0       0       0       0       0       0       0       0       0       0       0
      Totals:        10       0       0       0       0       0       0       0       0       0       0       0       0       0       0       0       0
Total ram usage:       10 bytes
 Hardware stack levels used:    1
 Hardware stack levels required when called:    3
 This function calls:
		___awdiv
		___awmod
		___ftmul
		___wmul
 This function is called by:
		_sprintf
 This function uses a non-reentrant model


 *************** function ___wmul *****************
 Defined at:
		line 15 in file "C:\Program Files (x86)\Microchip\xc8\v1.45\sources\common\Umul16.c"
 Parameters:    Size  Location     Type
  multiplier      2   32[COMRAM] unsigned int 
  multiplicand    2   34[COMRAM] unsigned int 
 Auto vars:     Size  Location     Type
  product         2   36[COMRAM] unsigned int 
 Return value:  Size  Location     Type
                  2   32[COMRAM] unsigned int 
 Registers used:
		wreg, status,2, status,0, prodl, prodh
 Tracked objects:
		On entry : 
		On exit  : 
		Unchanged: 
 Data sizes:     COMRAM   BANK0   BANK1   BANK2   BANK3   BANK4   BANK5   BANK6   BANK7   BANK8   BANK9  BANK10  BANK11  BANK12  BANK13  BANK14  BANK15
      Params:         4       0       0       0       0       0       0       0       0       0       0       0       0       0       0       0       0
      Locals:         2       0       0       0       0       0       0       0       0       0       0       0       0       0       0       0       0
      Temps:          0       0       0       0       0       0       0       0       0       0       0       0       0       0       0       0       0
      Totals:         6       0       0       0       0       0       0       0       0       0       0       0       0       0       0       0       0
Total ram usage:        6 bytes
 Hardware stack levels used:    1
 Hardware stack levels required when called:    1
 This function calls:
		Nothing
 This function is called by:
		_fround
		_scale
		_sprintf
		_read_adc_voltage
 This function uses a non-reentrant model


 *************** function ___ftmul *****************
 Defined at:
		line 62 in file "C:\Program Files (x86)\Microchip\xc8\v1.45\sources\common\ftmul.c"
 Parameters:    Size  Location     Type
  f1              3   38[COMRAM] float 
  f2              3   41[COMRAM] float 
 Auto vars:     Size  Location     Type
  f3_as_produc    3   48[COMRAM] unsigned um
  sign            1   52[COMRAM] unsigned char 
  cntr            1   51[COMRAM] unsigned char 
  exp             1   47[COMRAM] unsigned char 
 Return value:  Size  Location     Type
                  3   38[COMRAM] float 
 Registers used:
		wreg, status,2, status,0, cstack
 Tracked objects:
		On entry : 
		On exit  : 
		Unchanged: 
 Data sizes:     COMRAM   BANK0   BANK1   BANK2   BANK3   BANK4   BANK5   BANK6   BANK7   BANK8   BANK9  BANK10  BANK11  BANK12  BANK13  BANK14  BANK15
      Params:         6       0       0       0       0       0       0       0       0       0       0       0       0       0       0       0       0
      Locals:         6       0       0       0       0       0       0       0       0       0       0       0       0       0       0       0       0
      Temps:          3       0       0       0       0       0       0       0       0       0       0       0       0       0       0       0       0
      Totals:        15       0       0       0       0       0       0       0       0       0       0       0       0       0       0       0       0
Total ram usage:       15 bytes
 Hardware stack levels used:    1
 Hardware stack levels required when called:    2
 This function calls:
		___ftpack
 This function is called by:
		_main
		_fround
		_scale
		_sprintf
		_set_pwm1_percent
		_set_pwm1_voltage
		_set_pwm1_general
 This function uses a non-reentrant model


 *************** function ___awmod *****************
 Defined at:
		line 8 in file "C:\Program Files (x86)\Microchip\xc8\v1.45\sources\common\awmod.c"
 Parameters:    Size  Location     Type
  dividend        2   18[COMRAM] int 
  divisor         2   20[COMRAM] int 
 Auto vars:     Size  Location     Type
  sign            1   23[COMRAM] unsigned char 
  counter         1   22[COMRAM] unsigned char 
 Return value:  Size  Location     Type
                  2   18[COMRAM] int 
 Registers used:
		wreg, status,2, status,0
 Tracked objects:
		On entry : 
		On exit  : 
		Unchanged: 
 Data sizes:     COMRAM   BANK0   BANK1   BANK2   BANK3   BANK4   BANK5   BANK6   BANK7   BANK8   BANK9  BANK10  BANK11  BANK12  BANK13  BANK14  BANK15
      Params:         4       0       0       0       0       0       0       0       0       0       0       0       0       0       0       0       0
      Locals:         2       0       0       0       0       0       0       0       0       0       0       0       0       0       0       0       0
      Temps:          0       0       0       0       0       0       0       0       0       0       0       0       0       0       0       0       0
      Totals:         6       0       0       0       0       0       0       0       0       0       0       0       0       0       0       0       0
Total ram usage:        6 bytes
 Hardware stack levels used:    1
 Hardware stack levels required when called:    1
 This function calls:
		Nothing
 This function is called by:
		_fround
		_scale
 This function uses a non-reentrant model


 *************** function ___awdiv *****************
 Defined at:
		line 8 in file "C:\Program Files (x86)\Microchip\xc8\v1.45\sources\common\awdiv.c"
 Parameters:    Size  Location     Type
  dividend        2   24[COMRAM] int 
  divisor         2   26[COMRAM] int 
 Auto vars:     Size  Location     Type
  quotient        2   30[COMRAM] int 
  sign            1   29[COMRAM] unsigned char 
  counter         1   28[COMRAM] unsigned char 
 Return value:  Size  Location     Type
                  2   24[COMRAM] int 
 Registers used:
		wreg, status,2, status,0
 Tracked objects:
		On entry : 
		On exit  : 
		Unchanged: 
 Data sizes:     COMRAM   BANK0   BANK1   BANK2   BANK3   BANK4   BANK5   BANK6   BANK7   BANK8   BANK9  BANK10  BANK11  BANK12  BANK13  BANK14  BANK15
      Params:         4       0       0       0       0       0       0       0       0       0       0       0       0       0       0       0       0
      Locals:         4       0       0       0       0       0       0       0       0       0       0       0       0       0       0       0       0
      Temps:          0       0       0       0       0       0       0       0       0       0       0       0       0       0       0       0       0
      Totals:         8       0       0       0       0       0       0       0       0       0       0       0       0       0       0       0       0
Total ram usage:        8 bytes
 Hardware stack levels used:    1
 Hardware stack levels required when called:    1
 This function calls:
		Nothing
 This function is called by:
		_fround
		_scale
		_sprintf
 This function uses a non-reentrant model


 *************** function __tdiv_to_l_ *****************
 Defined at:
		line 60 in file "C:\Program Files (x86)\Microchip\xc8\v1.45\sources\common\ftdivl.c"
 Parameters:    Size  Location     Type
  f1              3   18[COMRAM] float 
  f2              3   21[COMRAM] float 
 Auto vars:     Size  Location     Type
  quot            4   27[COMRAM] unsigned long 
  exp1            1   32[COMRAM] unsigned char 
  cntr            1   31[COMRAM] unsigned char 
 Return value:  Size  Location     Type
                  4   18[COMRAM] unsigned long 
 Registers used:
		wreg, status,2, status,0
 Tracked objects:
		On entry : 
		On exit  : 
		Unchanged: 
 Data sizes:     COMRAM   BANK0   BANK1   BANK2   BANK3   BANK4   BANK5   BANK6   BANK7   BANK8   BANK9  BANK10  BANK11  BANK12  BANK13  BANK14  BANK15
      Params:         6       0       0       0       0       0       0       0       0       0       0       0       0       0       0       0       0
      Locals:         6       0       0       0       0       0       0       0       0       0       0       0       0       0       0       0       0
      Temps:          3       0       0       0       0       0       0       0       0       0       0       0       0       0       0       0       0
      Totals:        15       0       0       0       0       0       0       0       0       0       0       0       0       0       0       0       0
Total ram usage:       15 bytes
 Hardware stack levels used:    1
 Hardware stack levels required when called:    1
 This function calls:
		Nothing
 This function is called by:
		_sprintf
 This function uses a non-reentrant model


 *************** function __div_to_l_ *****************
 Defined at:
		line 60 in file "C:\Program Files (x86)\Microchip\xc8\v1.45\sources\common\fldivl.c"
 Parameters:    Size  Location     Type
  f1              3   18[COMRAM] unsigned long 
  f2              3   21[COMRAM] unsigned long 
 Auto vars:     Size  Location     Type
  quot            4   24[COMRAM] unsigned long 
  exp1            1   29[COMRAM] unsigned char 
  cntr            1   28[COMRAM] unsigned char 
 Return value:  Size  Location     Type
                  4   18[COMRAM] unsigned long 
 Registers used:
		wreg, status,2, status,0
 Tracked objects:
		On entry : 
		On exit  : 
		Unchanged: 
 Data sizes:     COMRAM   BANK0   BANK1   BANK2   BANK3   BANK4   BANK5   BANK6   BANK7   BANK8   BANK9  BANK10  BANK11  BANK12  BANK13  BANK14  BANK15
      Params:         6       0       0       0       0       0       0       0       0       0       0       0       0       0       0       0       0
      Locals:         6       0       0       0       0       0       0       0       0       0       0       0       0       0       0       0       0
      Temps:          0       0       0       0       0       0       0       0       0       0       0       0       0       0       0       0       0
      Totals:        12       0       0       0       0       0       0       0       0       0       0       0       0       0       0       0       0
Total ram usage:       12 bytes
 Hardware stack levels used:    1
 Hardware stack levels required when called:    1
 This function calls:
		Nothing
 This function is called by:
		_sprintf
 This function uses a non-reentrant model


 *************** function ___lltoft *****************
 Defined at:
		line 35 in file "C:\Program Files (x86)\Microchip\xc8\v1.45\sources\common\lltoft.c"
 Parameters:    Size  Location     Type
  c               4   26[COMRAM] unsigned long 
 Auto vars:     Size  Location     Type
  exp             1   34[COMRAM] unsigned char 
 Return value:  Size  Location     Type
                  3   26[COMRAM] float 
 Registers used:
		wreg, status,2, status,0, cstack
 Tracked objects:
		On entry : 
		On exit  : 
		Unchanged: 
 Data sizes:     COMRAM   BANK0   BANK1   BANK2   BANK3   BANK4   BANK5   BANK6   BANK7   BANK8   BANK9  BANK10  BANK11  BANK12  BANK13  BANK14  BANK15
      Params:         4       0       0       0       0       0       0       0       0       0       0       0       0       0       0       0       0
      Locals:         1       0       0       0       0       0       0       0       0       0       0       0       0       0       0       0       0
      Temps:          4       0       0       0       0       0       0       0       0       0       0       0       0       0       0       0       0
      Totals:         9       0       0       0       0       0       0       0       0       0       0       0       0       0       0       0       0
Total ram usage:        9 bytes
 Hardware stack levels used:    1
 Hardware stack levels required when called:    2
 This function calls:
		___ftpack
 This function is called by:
		_sprintf
 This function uses a non-reentrant model


 *************** function ___llmod *****************
 Defined at:
		line 8 in file "C:\Program Files (x86)\Microchip\xc8\v1.45\sources\common\llmod.c"
 Parameters:    Size  Location     Type
  dividend        4   31[COMRAM] unsigned long 
  divisor         4   35[COMRAM] unsigned long 
 Auto vars:     Size  Location     Type
  counter         1   39[COMRAM] unsigned char 
 Return value:  Size  Location     Type
                  4   31[COMRAM] unsigned long 
 Registers used:
		wreg, status,2, status,0
 Tracked objects:
		On entry : 
		On exit  : 
		Unchanged: 
 Data sizes:     COMRAM   BANK0   BANK1   BANK2   BANK3   BANK4   BANK5   BANK6   BANK7   BANK8   BANK9  BANK10  BANK11  BANK12  BANK13  BANK14  BANK15
      Params:         8       0       0       0       0       0       0       0       0       0       0       0       0       0       0       0       0
      Locals:         1       0       0       0       0       0       0       0       0       0       0       0       0       0       0       0       0
      Temps:          0       0       0       0       0       0       0       0       0       0       0       0       0       0       0       0       0
      Totals:         9       0       0       0       0       0       0       0       0       0       0       0       0       0       0       0       0
Total ram usage:        9 bytes
 Hardware stack levels used:    1
 Hardware stack levels required when called:    1
 This function calls:
		Nothing
 This function is called by:
		_sprintf
 This function uses a non-reentrant model


 *************** function ___lldiv *****************
 Defined at:
		line 8 in file "C:\Program Files (x86)\Microchip\xc8\v1.45\sources\common\lldiv.c"
 Parameters:    Size  Location     Type
  dividend        4   18[COMRAM] unsigned long 
  divisor         4   22[COMRAM] unsigned long 
 Auto vars:     Size  Location     Type
  quotient        4   26[COMRAM] unsigned long 
  counter         1   30[COMRAM] unsigned char 
 Return value:  Size  Location     Type
                  4   18[COMRAM] unsigned long 
 Registers used:
		wreg, status,2, status,0
 Tracked objects:
		On entry : 
		On exit  : 
		Unchanged: 
 Data sizes:     COMRAM   BANK0   BANK1   BANK2   BANK3   BANK4   BANK5   BANK6   BANK7   BANK8   BANK9  BANK10  BANK11  BANK12  BANK13  BANK14  BANK15
      Params:         8       0       0       0       0       0       0       0       0       0       0       0       0       0       0       0       0
      Locals:         5       0       0       0       0       0       0       0       0       0       0       0       0       0       0       0       0
      Temps:          0       0       0       0       0       0       0       0       0       0       0       0       0       0       0       0       0
      Totals:        13       0       0       0       0       0       0       0       0       0       0       0       0       0       0       0       0
Total ram usage:       13 bytes
 Hardware stack levels used:    1
 Hardware stack levels required when called:    1
 This function calls:
		Nothing
 This function is called by:
		_sprintf
 This function uses a non-reentrant model


 *************** function ___fttol *****************
 Defined at:
		line 44 in file "C:\Program Files (x86)\Microchip\xc8\v1.45\sources\common\fttol.c"
 Parameters:    Size  Location     Type
  f1              3   60[COMRAM] float 
 Auto vars:     Size  Location     Type
  lval            4   70[COMRAM] unsigned long 
  exp1            1   74[COMRAM] unsigned char 
  sign1           1   69[COMRAM] unsigned char 
 Return value:  Size  Location     Type
                  4   60[COMRAM] long 
 Registers used:
		wreg, status,2, status,0
 Tracked objects:
		On entry : 
		On exit  : 
		Unchanged: 
 Data sizes:     COMRAM   BANK0   BANK1   BANK2   BANK3   BANK4   BANK5   BANK6   BANK7   BANK8   BANK9  BANK10  BANK11  BANK12  BANK13  BANK14  BANK15
      Params:         4       0       0       0       0       0       0       0       0       0       0       0       0       0       0       0       0
      Locals:         6       0       0       0       0       0       0       0       0       0       0       0       0       0       0       0       0
      Temps:          5       0       0       0       0       0       0       0       0       0       0       0       0       0       0       0       0
      Totals:        15       0       0       0       0       0       0       0       0       0       0       0       0       0       0       0       0
Total ram usage:       15 bytes
 Hardware stack levels used:    1
 Hardware stack levels required when called:    1
 This function calls:
		Nothing
 This function is called by:
		_sprintf
		_set_pwm1_percent
		_set_pwm1_voltage
		_set_pwm1_general
 This function uses a non-reentrant model


 *************** function ___ftsub *****************
 Defined at:
		line 20 in file "C:\Program Files (x86)\Microchip\xc8\v1.45\sources\common\ftsub.c"
 Parameters:    Size  Location     Type
  f1              3   75[COMRAM] float 
  f2              3   78[COMRAM] float 
 Auto vars:     Size  Location     Type
		None
 Return value:  Size  Location     Type
                  3   75[COMRAM] float 
 Registers used:
		wreg, status,2, status,0, cstack
 Tracked objects:
		On entry : 
		On exit  : 
		Unchanged: 
 Data sizes:     COMRAM   BANK0   BANK1   BANK2   BANK3   BANK4   BANK5   BANK6   BANK7   BANK8   BANK9  BANK10  BANK11  BANK12  BANK13  BANK14  BANK15
      Params:         6       0       0       0       0       0       0       0       0       0       0       0       0       0       0       0       0
      Locals:         0       0       0       0       0       0       0       0       0       0       0       0       0       0       0       0       0
      Temps:          0       0       0       0       0       0       0       0       0       0       0       0       0       0       0       0       0
      Totals:         6       0       0       0       0       0       0       0       0       0       0       0       0       0       0       0       0
Total ram usage:        6 bytes
 Hardware stack levels used:    1
 Hardware stack levels required when called:    3
 This function calls:
		___ftadd
 This function is called by:
		_sprintf
 This function uses a non-reentrant model


 *************** function _lcd_puts *****************
 Defined at:
		line 100 in file "lcd_x8.c"
 Parameters:    Size  Location     Type
  s               2   32[COMRAM] PTR unsigned char 
		 -> STR_7(15), STR_6(15), STR_5(15), STR_4(15), 
		 -> Buffer(32), 
[...]
		On exit  : 
		Unchanged: 
 Data sizes:     COMRAM   BANK0   BANK1   BANK2   BANK3   BANK4   BANK5   BANK6   BANK7   BANK8   BANK9  BANK10  BANK11  BANK12  BANK13  BANK14  BANK15
      Params:         3       0       0       0       0       0       0       0       0       0       0       0       0       0       0       0       0
      Locals:         1       0       0       0       0       0       0       0       0       0       0       0       0       0       0       0       0
      Temps:          0       0       0       0       0       0       0       0       0       0       0       0       0       0       0       0       0
      Totals:         4       0       0       0       0       0       0       0       0       0       0       0       0       0       0       0       0
Total ram usage:        4 bytes
 Hardware stack levels used:    1
 Hardware stack levels required when called:    2
 This function calls:
		___ftpack
 This function is called by:
		_AutoCoolMode
 This function uses a non-reentrant model


 *************** function ___ftneg *****************
 Defined at:
		line 15 in file "C:\Program Files (x86)\Microchip\xc8\v1.45\sources\common\ftneg.c"
 Parameters:    Size  Location     Type
  f1              3   30[COMRAM] float 
 Auto vars:     Size  Location     Type
		None
 Return value:  Size  Location     Type
                  3   30[COMRAM] float 
 Registers used:
		wreg, status,2, status,0
 Tracked objects:
		On entry : 
		On exit  : 
		Unchanged: 
 Data sizes:     COMRAM   BANK0   BANK1   BANK2   BANK3   BANK4   BANK5   BANK6   BANK7   BANK8   BANK9  BANK10  BANK11  BANK12  BANK13  BANK14  BANK15
      Params:         3       0       0       0       0       0       0       0       0       0       0       0       0       0       0       0       0
      Locals:         0       0       0       0       0       0       0       0       0       0       0       0       0       0       0       0       0
      Temps:          0       0       0       0       0       0       0       0       0       0       0       0       0       0       0       0       0
      Totals:         3       0       0       0       0       0       0       0       0       0       0       0       0       0       0       0       0
Total ram usage:        3 bytes
 Hardware stack levels used:    1
 Hardware stack levels required when called:    1
 This function calls:
		Nothing
 This function is called by:
		_AutoCoolMode
		_sprintf
		_set_pwm1_general
 This function uses a non-reentrant model


 *************** function ___ftge *****************
 Defined at:
		line 4 in file "C:\Program Files (x86)\Microchip\xc8\v1.45\sources\common\ftge.c"
 Parameters:    Size  Location     Type
  ff1             3   75[COMRAM] float 
  ff2             3   78[COMRAM] float 
 Auto vars:     Size  Location     Type
		None
 Return value:  Size  Location     Type
		None               void
 Registers used:
		wreg, status,2, status,0
 Tracked objects:
		On entry : 
		On exit  : 
		Unchanged: 
 Data sizes:     COMRAM   BANK0   BANK1   BANK2   BANK3   BANK4   BANK5   BANK6   BANK7   BANK8   BANK9  BANK10  BANK11  BANK12  BANK13  BANK14  BANK15
      Params:         6       0       0       0       0       0       0       0       0       0       0       0       0       0       0       0       0
      Locals:         0       0       0       0       0       0       0       0       0       0       0       0       0       0       0       0       0
      Temps:          3       0       0       0       0       0       0       0       0       0       0       0       0       0       0       0       0
      Totals:         9       0       0       0       0       0       0       0       0       0       0       0       0       0       0       0       0
Total ram usage:        9 bytes
 Hardware stack levels used:    1
 Hardware stack levels required when called:    1
 This function calls:
		Nothing
 This function is called by:
		_AutoCoolMode
		_sprintf
 This function uses a non-reentrant model


 *************** function ___ftadd *****************
 Defined at:
		line 86 in file "C:\Program Files (x86)\Microchip\xc8\v1.45\sources\common\ftadd.c"
 Parameters:    Size  Location     Type
  f1              3   63[COMRAM] float 
  f2              3   66[COMRAM] float 
 Auto vars:     Size  Location     Type
  exp1            1   74[COMRAM] unsigned char 
  exp2            1   73[COMRAM] unsigned char 
  sign            1   72[COMRAM] unsigned char 
 Return value:  Size  Location     Type
                  3   63[COMRAM] float 
 Registers used:
		wreg, status,2, status,0, cstack
 Tracked objects:
		On entry : 
		On exit  : 
		Unchanged: 
 Data sizes:     COMRAM   BANK0   BANK1   BANK2   BANK3   BANK4   BANK5   BANK6   BANK7   BANK8   BANK9  BANK10  BANK11  BANK12  BANK13  BANK14  BANK15
      Params:         6       0       0       0       0       0       0       0       0       0       0       0       0       0       0       0       0
      Locals:         3       0       0       0       0       0       0       0       0       0       0       0       0       0       0       0       0
      Temps:          3       0       0       0       0       0       0       0       0       0       0       0       0       0       0       0       0
      Totals:        12       0       0       0       0       0       0       0       0       0       0       0       0       0       0       0       0
Total ram usage:       12 bytes
 Hardware stack levels used:    1
 Hardware stack levels required when called:    2
 This function calls:
		___ftpack
 This function is called by:
		_AutoCoolMode
		_sprintf
		___ftsub
		_set_pwm1_percent
		_set_pwm1_voltage
		_set_pwm1_general
 This function uses a non-reentrant model


 *************** function ___ftpack *****************
 Defined at:
		line 62 in file "C:\Program Files (x86)\Microchip\xc8\v1.45\sources\common\float.c"
 Parameters:    Size  Location     Type
  arg             3   18[COMRAM] unsigned um
  exp             1   21[COMRAM] unsigned char 
  sign            1   22[COMRAM] unsigned char 
 Auto vars:     Size  Location     Type
		None
 Return value:  Size  Location     Type
                  3   18[COMRAM] float 
 Registers used:
		wreg, status,2, status,0
 Tracked objects:
		On entry : 
		On exit  : 
		Unchanged: 
 Data sizes:     COMRAM   BANK0   BANK1   BANK2   BANK3   BANK4   BANK5   BANK6   BANK7   BANK8   BANK9  BANK10  BANK11  BANK12  BANK13  BANK14  BANK15
      Params:         5       0       0       0       0       0       0       0       0       0       0       0       0       0       0       0       0
      Locals:         0       0       0       0       0       0       0       0       0       0       0       0       0       0       0       0       0
      Temps:          3       0       0       0       0       0       0       0       0       0       0       0       0       0       0       0       0
      Totals:         8       0       0       0       0       0       0       0       0       0       0       0       0       0       0       0       0
Total ram usage:        8 bytes
 Hardware stack levels used:    1
 Hardware stack levels required when called:    1
 This function calls:
		Nothing
 This function is called by:
		___ftadd
		___ftdiv
		___ftmul
		___lbtoft
		___lltoft
		___lwtoft
 This function uses a non-reentrant model


 *************** function _HeatMode *****************
 Defined at:
		line 288 in file "Hw2.c"
 Parameters:    Size  Location     Type
		None
 Auto vars:     Size  Location     Type
  compare_valu    2   20[COMRAM] unsigned int 
 Return value:  Size  Location     Type
                  1    wreg      void 
 Registers used:
		wreg, status,2, status,0
 Tracked objects:
		On entry : 
		On exit  : 
		Unchanged: 
 Data sizes:     COMRAM   BANK0   BANK1   BANK2   BANK3   BANK4   BANK5   BANK6   BANK7   BANK8   BANK9  BANK10  BANK11  BANK12  BANK13  BANK14  BANK15
      Params:         0       0       0       0       0       0       0       0       0       0       0       0       0       0       0       0       0
      Locals:         2       0       0       0       0       0       0       0       0       0       0       0       0       0       0       0       0
      Temps:          2       0       0       0       0       0       0       0       0       0       0       0       0       0       0       0       0
      Totals:         4       0       0       0       0       0       0       0       0       0       0       0       0       0       0       0       0
Total ram usage:        4 bytes
 Hardware stack levels used:    1
 Hardware stack levels required when called:    1
 This function calls:
		Nothing
 This function is called by:
		_main
		_AutoCoolMode
 This function uses a non-reentrant model


 *************** function _CoolMode *****************
 Defined at:
		line 308 in file "Hw2.c"
 Parameters:    Size  Location     Type
		None
 Auto vars:     Size  Location     Type
		None
 Return value:  Size  Location     Type
                  1    wreg      void 
 Registers used:
		wreg, status,2, status,0, cstack
 Tracked objects:
		On entry : 
		On exit  : 
		Unchanged: 
 Data sizes:     COMRAM   BANK0   BANK1   BANK2   BANK3   BANK4   BANK5   BANK6   BANK7   BANK8   BANK9  BANK10  BANK11  BANK12  BANK13  BANK14  BANK15
      Params:         0       0       0       0       0       0       0       0       0       0       0       0       0       0       0       0       0
      Locals:         0       0       0       0       0       0       0       0       0       0       0       0       0       0       0       0       0
      Temps:          0       0       0       0       0       0       0       0       0       0       0       0       0       0       0       0       0
      Totals:         0       0       0       0       0       0       0       0       0       0       0       0       0       0       0       0       0
Total ram usage:        0 bytes
 Hardware stack levels used:    1
 Hardware stack levels required when called:    2
 This function calls:
		_init_pwm1
		_set_pwm1_raw
 This function is called by:
		_main
		_AutoCoolMode
 This function uses a non-reentrant model


 *************** function _set_pwm1_raw *****************
 Defined at:
		line 14 in file "my_pwm.c"
 Parameters:    Size  Location     Type
  raw_value       2   18[COMRAM] unsigned int 
 Auto vars:     Size  Location     Type
		None
 Return value:  Size  Location     Type
                  1    wreg      void 
 Registers used:
		wreg, status,2, status,0
 Tracked objects:
		On entry : 
		On exit  : 
		Unchanged: 
 Data sizes:     COMRAM   BANK0   BANK1   BANK2   BANK3   BANK4   BANK5   BANK6   BANK7   BANK8   BANK9  BANK10  BANK11  BANK12  BANK13  BANK14  BANK15
      Params:         2       0       0       0       0       0       0       0       0       0       0       0       0       0       0       0       0
      Locals:         0       0       0       0       0       0       0       0       0       0       0       0       0       0       0       0       0
      Temps:          2       0       0       0       0       0       0       0       0       0       0       0       0       0       0       0       0
      Totals:         4       0       0       0       0       0       0       0       0       0       0       0       0       0       0       0       0
Total ram usage:        4 bytes
 Hardware stack levels used:    1
 Hardware stack levels required when called:    1
 This function calls:
		Nothing
 This function is called by:
		_CoolMode
		_set_pwm1_percent
		_set_pwm1_voltage
		_set_pwm1_general
 This function uses a non-reentrant model


 *************** function _init_pwm1 *****************
 Defined at:
		line 5 in file "my_pwm.c"
 Parameters:    Size  Location     Type
		None
 Auto vars:     Size  Location     Type
		None
 Return value:  Size  Location     Type
                  1    wreg      void 
 Registers used:
		wreg, status,2
 Tracked objects:
		On entry : 
		On exit  : 
		Unchanged: 
 Data sizes:     COMRAM   BANK0   BANK1   BANK2   BANK3   BANK4   BANK5   BANK6   BANK7   BANK8   BANK9  BANK10  BANK11  BANK12  BANK13  BANK14  BANK15
      Params:         0       0       0       0       0       0       0       0       0       0       0       0       0       0       0       0       0
      Locals:         0       0       0       0       0       0       0       0       0       0       0       0       0       0       0       0       0
      Temps:          0       0       0       0       0       0       0       0       0       0       0       0       0       0       0       0       0
      Totals:         0       0       0       0       0       0       0       0       0       0       0       0       0       0       0       0       0
Total ram usage:        0 bytes
 Hardware stack levels used:    1
 Hardware stack levels required when called:    1
 This function calls:
		Nothing
 This function is called by:
		_main
		_CoolMode
 This function uses a non-reentrant model


 *************** function _highIsr *****************
 Defined at:
		line 240 in file "Hw2.c"
 Parameters:    Size  Location     Type
		None
 Auto vars:     Size  Location     Type
		None
 Return value:  Size  Location     Type
                  1    wreg      void 
 Registers used:
		wreg, status,2
 Tracked objects:
		On entry : 
		On exit  : 
		Unchanged: 
 Data sizes:     COMRAM   BANK0   BANK1   BANK2   BANK3   BANK4   BANK5   BANK6   BANK7   BANK8   BANK9  BANK10  BANK11  BANK12  BANK13  BANK14  BANK15
      Params:         0       0       0       0       0       0       0       0       0       0       0       0       0       0       0       0       0
      Locals:         0       0       0       0       0       0       0       0       0       0       0       0       0       0       0       0       0
      Temps:         18       0       0       0       0       0       0       0       0       0       0       0       0       0       0       0       0
      Totals:        18       0       0       0       0       0       0       0       0       0       0       0       0       0       0       0       0
Total ram usage:       18 bytes
 Hardware stack levels used:    1
 This function calls:
		Nothing
 This function is called by:
		Interrupt level 2
 This function uses a non-reentrant model



MODULE INFORMATION

Module		Function		Class		Link	Load	Size
C:\Program Files (x86)\Microchip\xc8\v1.45\sources\common\ftneg.c
		___ftneg       		CODE           	3580	0000	37

C:\Program Files (x86)\Microchip\xc8\v1.45\sources\common\ftneg.c estimated size: 37

C:\Program Files (x86)\Microchip\xc8\v1.45\sources\common\ftsub.c
		___ftsub       		CODE           	338A	0000	65

C:\Program Files (x86)\Microchip\xc8\v1.45\sources\common\ftsub.c estimated size: 65

C:\Program Files (x86)\Microchip\xc8\v1.45\sources\common\float.c
		___ftpack      		CODE           	2E36	0000	175

C:\Program Files (x86)\Microchip\xc8\v1.45\sources\common\float.c estimated size: 175

C:\Program Files (x86)\Microchip\xc8\v1.45\sources\common\doprnt.c
		_scale         		CODE           	1B5A	0000	1033
		_sprintf       		CODE           	10E8	0000	2675
		_fround        		CODE           	222E	0000	595

C:\Program Files (x86)\Microchip\xc8\v1.45\sources\common\doprnt.c estimated size: 4303

C:\Program Files (x86)\Microchip\xc8\v1.45\sources\common\lltoft.c
		___lltoft      		CODE           	31B2	0000	93

C:\Program Files (x86)\Microchip\xc8\v1.45\sources\common\lltoft.c estimated size: 93

C:\Program Files (x86)\Microchip\xc8\v1.45\sources\common\Umul16.c
		___wmul        		CODE           	34C6	0000	39

C:\Program Files (x86)\Microchip\xc8\v1.45\sources\common\Umul16.c estimated size: 39

my_pwm.c
		_init_pwm1     		CODE           	363C	0000	17
		_set_pwm1_raw  		CODE           	3498	0000	47

my_pwm.c estimated size: 64

C:\Program Files (x86)\Microchip\xc8\v1.45\sources\common\ftge.c
		___ftge        		CODE           	2EE4	0000	145

C:\Program Files (x86)\Microchip\xc8\v1.45\sources\common\ftge.c estimated size: 145

my_adc.c
		_init_adc_no_lib		CODE           	364C	0000	13
		_read_adc_raw_no_lib		CODE           	33CA	0000	59

my_adc.c estimated size: 72

C:\Program Files (x86)\Microchip\xc8\v1.45\sources\common\isdigit.c
		_isdigit       		CODE           	3608	0000	31

C:\Program Files (x86)\Microchip\xc8\v1.45\sources\common\isdigit.c estimated size: 31

C:\Program Files (x86)\Microchip\xc8\v1.45\sources\common\ftdivl.c
		__tdiv_to_l_   		CODE           	277E	0000	307

C:\Program Files (x86)\Microchip\xc8\v1.45\sources\common\ftdivl.c estimated size: 307

C:\Program Files (x86)\Microchip\xc8\v1.45\sources\common\ftmul.c
		___ftmul       		CODE           	29D8	0000	245

C:\Program Files (x86)\Microchip\xc8\v1.45\sources\common\ftmul.c estimated size: 245

C:\Program Files (x86)\Microchip\xc8\v1.45\sources\common\awmod.c
		___awmod       		CODE           	307A	0000	113

C:\Program Files (x86)\Microchip\xc8\v1.45\sources\common\awmod.c estimated size: 113

Hw2.c
		_OffMode       		CODE           	3626	0000	23
		_setupInterrupts		CODE           	35A4	0000	35
		_setupCompare  		CODE           	35E8	0000	33
		_main          		CODE           	1F62	0000	717
		_highIsr       		CODE           	0008	0000	211
		_HeatMode      		CODE           	3404	0000	57
		_initPorts     		CODE           	346A	0000	47
		_CoolMode      		CODE           	3512	0000	39
		_printingOnLCD 		CODE           	262C	0000	339
		_AutoCoolMode  		CODE           	2D72	0000	197

Hw2.c estimated size: 1698

C:\Program Files (x86)\Microchip\xc8\v1.45\sources\common\ftdiv.c
		___ftdiv       		CODE           	2BC0	0000	231

C:\Program Files (x86)\Microchip\xc8\v1.45\sources\common\ftdiv.c estimated size: 231

C:\Program Files (x86)\Microchip\xc8\v1.45\sources\common\llmod.c
		___llmod       		CODE           	30EA	0000	103

C:\Program Files (x86)\Microchip\xc8\v1.45\sources\common\llmod.c estimated size: 103

C:\Program Files (x86)\Microchip\xc8\v1.45\sources\common\fldivl.c
		__div_to_l_    		CODE           	28B0	0000	297

C:\Program Files (x86)\Microchip\xc8\v1.45\sources\common\fldivl.c estimated size: 297

shared
		__powers_      		SMALLCONST     	1029	0000	40
		_dpowers       		SMALLCONST     	1001	0000	41
		__npowers_     		SMALLCONST     	1050	0000	40
		__initialization		CODE           	3302	0000	57

shared estimated size: 178

C:\Program Files (x86)\Microchip\xc8\v1.45\sources\common\fttol.c
		___fttol       		CODE           	2ACC	0000	245

C:\Program Files (x86)\Microchip\xc8\v1.45\sources\common\fttol.c estimated size: 245

C:\Program Files (x86)\Microchip\xc8\v1.45\sources\common\awdiv.c
		___awdiv       		CODE           	2F74	0000	133

C:\Program Files (x86)\Microchip\xc8\v1.45\sources\common\awdiv.c estimated size: 133

C:\Program Files (x86)\Microchip\xc8\v1.45\sources\common\ftadd.c
		___ftadd       		CODE           	2480	0000	429

C:\Program Files (x86)\Microchip\xc8\v1.45\sources\common\ftadd.c estimated size: 429

C:\Program Files (x86)\Microchip\xc8\v1.45\sources\common\lldiv.c
		___lldiv       		CODE           	2FF8	0000	131

C:\Program Files (x86)\Microchip\xc8\v1.45\sources\common\lldiv.c estimated size: 131

lcd_x8.c
		_lcd_putc      		CODE           	3264	0000	87
		_lcd_puts      		CODE           	320E	0000	87
		_lcd_send_byte 		CODE           	32BA	0000	73
		_lcd_gotoxy    		CODE           	3348	0000	67
		_lcd_send_nibble		CODE           	35C6	0000	35
		_delay_ms      		CODE           	34EC	0000	39
		_lcd_init      		CODE           	3150	0000	99
		_delay_cycles  		CODE           	343C	0000	47

lcd_x8.c estimated size: 534

C:\Program Files (x86)\Microchip\xc8\v1.45\sources\common\lwtoft.c
		___lwtoft      		CODE           	3538	0000	37

C:\Program Files (x86)\Microchip\xc8\v1.45\sources\common\lwtoft.c estimated size: 37

C:\Program Files (x86)\Microchip\xc8\v1.45\sources\common\lbtoft.c
		___lbtoft      		CODE           	355C	0000	37

C:\Program Files (x86)\Microchip\xc8\v1.45\sources\common\lbtoft.c estimated size: 37

